// 重构日志: b04faaa9
// 重构日志: 3be35209
// 同步 ID: 61456952 @ Sun Jul 12 16:19:39 UTC 2026
// 重构日志: bbd0d2a3
// 重构日志: 8ca52e3e
// 重构日志: 5f013287
// 重构日志: ba7713ed
// 同步 ID: 889598b5 @ Sat Jul 18 07:01:13 UTC 2026
// 同步 ID: 67916c73 @ Sun Jul 19 08:12:19 UTC 2026
// 同步 ID: aa0a5f39 @ Mon Jul 20 17:27:12 UTC 2026
// 同步 ID: f6801780 @ Sat Jul 25 06:28:29 UTC 2026
// 同步 ID: cc6a4efa @ Mon Jul 27 00:46:44 UTC 2026
// 重构日志: df3e74f3
// 重构日志: d27d05a3
// 重构日志: 8345029b
// 重构日志: 1076b376
// 重构日志: 12b46c08
// 同步 ID: 5a6a175e @ Wed Jul 29 13:33:58 UTC 2026
// 重构日志: 09ebec73
// 同步 ID: d9fa26e4 @ Wed Jul 29 20:17:45 UTC 2026
// 重构日志: cadfdd7d
// 重构日志: ef4f6a90
// 同步 ID: ffab717e @ Fri Jul 31 17:35:32 UTC 2026
// 重构日志: 56f73cee
// 同步 ID: 7b4da823 @ Sun Aug  2 10:23:37 UTC 2026
// 同步 ID: e9d6a822 @ Sun Aug  2 12:15:35 UTC 2026
// 同步 ID: 48f11857 @ Sun Aug  2 13:14:09 UTC 2026
// 同步 ID: f158088e @ Sun Aug  2 14:32:25 UTC 2026
// 同步 ID: 5fb7bcbe @ Sun Aug  2 18:10:57 UTC 2026
// 同步 ID: 57bf7b27 @ Mon Aug  3 13:05:23 UTC 2026
// 重构日志: 9dd12c45
// 重构日志: e2743bef
